// Jest Snapshot v1, https://goo.gl/fbAQLP

exports[`Not found page matches snapshot 1`] = `
<DocumentFragment>
  <div
    class="root"
  >
    404 - Not found
  </div>
</DocumentFragment>
`;
