// Jest Snapshot v1, https://goo.gl/fbAQLP

exports[`Home page matches snapshot 1`] = `
<DocumentFragment>
  <div
    class="root"
  >
    <p>
      Welcome to the React SPA boilerplate!
    </p>
    <button>
      Simulate logout
    </button>
  </div>
</DocumentFragment>
`;
