// Jest Snapshot v1, https://goo.gl/fbAQLP

exports[`NotFoundPage matches snapshot 1`] = `
<DocumentFragment>
  <div
    class="not-found"
  >
    <p>
      404 - Not found
    </p>
  </div>
</DocumentFragment>
`;
