// Jest Snapshot v1, https://goo.gl/fbAQLP

exports[`HomePage - unit renders correctly 1`] = `ShallowWrapper {}`;
